// Jest Snapshot v1, https://goo.gl/fbAQLP

exports[`components/shared/ActionButton shoule match snapshot when enabled 1`] = `
ShallowWrapper {
  Symbol(enzyme.__root__): [Circular],
  Symbol(enzyme.__unrendered__): <ActionButton
    data="test data"
    disabled={false}
    icon="mode_edit"
    onClick={[MockFunction]}
    title="test title"
  />,
  Symbol(enzyme.__renderer__): Object {
    "batchedUpdates": [Function],
    "getNode": [Function],
    "render": [Function],
    "simulateError": [Function],
    "simulateEvent": [Function],
    "unmount": [Function],
  },
  Symbol(enzyme.__node__): Object {
    "instance": null,
    "key": undefined,
    "nodeType": "class",
    "props": Object {
      "children": Array [
        undefined,
        <WithStyles(Icon)>
          mode_edit
        </WithStyles(Icon)>,
      ],
      "className": "actionButton",
      "disabled": false,
      "onClick": [Function],
      "style": Object {},
      "title": "test title",
    },
    "ref": null,
    "rendered": Array [
      undefined,
      Object {
        "instance": null,
        "key": undefined,
        "nodeType": "class",
        "props": Object {
          "children": "mode_edit",
        },
        "ref": null,
        "rendered": "mode_edit",
        "type": [Function],
      },
    ],
    "type": [Function],
  },
  Symbol(enzyme.__nodes__): Array [
    Object {
      "instance": null,
      "key": undefined,
      "nodeType": "class",
      "props": Object {
        "children": Array [
          undefined,
          <WithStyles(Icon)>
            mode_edit
          </WithStyles(Icon)>,
        ],
        "className": "actionButton",
        "disabled": false,
        "onClick": [Function],
        "style": Object {},
        "title": "test title",
      },
      "ref": null,
      "rendered": Array [
        undefined,
        Object {
          "instance": null,
          "key": undefined,
          "nodeType": "class",
          "props": Object {
            "children": "mode_edit",
          },
          "ref": null,
          "rendered": "mode_edit",
          "type": [Function],
        },
      ],
      "type": [Function],
    },
  ],
  Symbol(enzyme.__options__): Object {
    "adapter": ReactSixteenAdapter {
      "options": Object {
        "enableComponentDidUpdateOnSetState": true,
        "lifecycles": Object {
          "componentDidUpdate": Object {
            "onSetState": true,
          },
          "getDerivedStateFromProps": true,
          "getSnapshotBeforeUpdate": true,
          "setState": Object {
            "skipsComponentDidUpdateOnNullish": true,
          },
        },
      },
    },
  },
}
`;
